{
  "p1": {
    "hp": 10,
    "stamina": 4
  },
  "p2": {
    "hp": 9,
    "stamina": 1
  }
}
