{
  "p1": {
    "hp": 10,
    "stamina": 0
  },
  "p2": {
    "hp": 10,
    "stamina": 2
  }
}
