{
  "p1": {
    "hp": 9,
    "stamina": 3
  },
  "p2": {
    "hp": 9,
    "stamina": 2
  }
}
