{
  "p1": {
    "hp": 8,
    "stamina": 4
  },
  "p2": {
    "hp": 8,
    "stamina": 4
  }
}
