{
  "p1": {
    "hp": 7,
    "stamina": 4
  },
  "p2": {
    "hp": 9,
    "stamina": 2
  }
}
