{
  "p1": {
    "hp": 10,
    "stamina": 3
  },
  "p2": {
    "hp": 10,
    "stamina": 4
  }
}
