{
  "p1": {
    "hp": 10,
    "stamina": 2
  },
  "p2": {
    "hp": 10,
    "stamina": 3
  }
}
