{
  "p1": {
    "hp": 7,
    "stamina": 3
  },
  "p2": {
    "hp": 8,
    "stamina": 2
  }
}
